2026-10-11T03:07:04.6259603Z Current runner version: '2.337.0'
2026-10-11T03:07:04.6285433Z ##[group]Runner Image Provisioner
2026-10-11T03:07:04.6286390Z Hosted Compute Agent
2026-10-11T03:07:04.6286999Z Version: 20261002.596
2026-10-11T03:07:04.6287668Z Commit: c3d12f3313a95f25162a1503be624f3b0617f8c0
2026-10-11T03:07:04.6288490Z Build Date: 2026-10-02T22:28:27Z
2026-10-11T03:07:04.6289626Z Worker ID: {1ccd2289-de8c-4f98-9ea9-2afa9f6d3066}
2026-10-11T03:07:04.6290557Z Region: northcentralus
2026-10-11T03:07:04.6291158Z Cloud: Azure
2026-10-11T03:07:04.6291730Z ##[endgroup]
2026-10-11T03:07:04.6293292Z ##[group]Operating System
2026-10-11T03:07:04.6293949Z Ubuntu
2026-10-11T03:07:04.6294562Z 24.04.5
2026-10-11T03:07:04.6295082Z LTS
2026-10-11T03:07:04.6295583Z ##[endgroup]
2026-10-11T03:07:04.6296244Z ##[group]Runner Image
2026-10-11T03:07:04.6296851Z Image: ubuntu-24.04
2026-10-11T03:07:04.6297518Z Version: 20261004.327.1
2026-10-11T03:07:04.6298817Z Included Software: https://github.com/actions/runner-images/blob/ubuntu24/20261004.327/images/ubuntu/Ubuntu2404-Readme.md
2026-10-11T03:07:04.6300711Z Image Release: https://github.com/actions/runner-images/releases/tag/ubuntu24%2F20261004.327
2026-10-11T03:07:04.6301712Z ##[endgroup]
2026-10-11T03:07:04.6302970Z ##[group]GITHUB_TOKEN Permissions
2026-10-11T03:07:04.6305292Z Contents: read
2026-10-11T03:07:04.6306020Z Metadata: read
2026-10-11T03:07:04.6306595Z ##[endgroup]
2026-10-11T03:07:04.6308622Z Secret source: Actions
2026-10-11T03:07:04.6309932Z Cache mode: write
2026-10-11T03:07:04.6310664Z Prepare workflow directory
2026-10-11T03:07:04.6719331Z Prepare all required actions
2026-10-11T03:07:04.6766874Z Getting action download info
2026-10-11T03:07:04.9254516Z Download action repository 'actions/checkout@v4' (SHA:11d5960a326750d5838078e36cf38b85af677262)
2026-10-11T03:07:05.0583276Z Download action repository 'actions/setup-python@v5' (SHA:a26af69be951a213d495a4c3e4e4022e16d87065)
2026-10-11T03:07:05.2833542Z Complete job name: repository-tests
2026-10-11T03:07:05.3612562Z ##[group]Run actions/checkout@v4
2026-10-11T03:07:05.3613454Z with:
2026-10-11T03:07:05.3613952Z   repository: THE-BU1LD/Fabric-Induced-Memory
2026-10-11T03:07:05.3618011Z   token: ***
2026-10-11T03:07:05.3618455Z   ssh-strict: true
2026-10-11T03:07:05.3618897Z   ssh-user: git
2026-10-11T03:07:05.3619627Z   persist-credentials: true
2026-10-11T03:07:05.3620143Z   clean: true
2026-10-11T03:07:05.3620599Z   sparse-checkout-cone-mode: true
2026-10-11T03:07:05.3621119Z   fetch-depth: 1
2026-10-11T03:07:05.3621551Z   fetch-tags: false
2026-10-11T03:07:05.3621995Z   show-progress: true
2026-10-11T03:07:05.3622444Z   lfs: false
2026-10-11T03:07:05.3622854Z   submodules: false
2026-10-11T03:07:05.3623300Z   set-safe-directory: true
2026-10-11T03:07:05.3623823Z   allow-unsafe-pr-checkout: false
2026-10-11T03:07:05.3624600Z env:
2026-10-11T03:07:05.3625022Z   PYTHONUNBUFFERED: 1
2026-10-11T03:07:05.3625487Z   MPLBACKEND: Agg
2026-10-11T03:07:05.3625917Z ##[endgroup]
2026-10-11T03:07:05.4643905Z Syncing repository: THE-BU1LD/Fabric-Induced-Memory
2026-10-11T03:07:05.4646649Z ##[group]Getting Git version info
2026-10-11T03:07:05.4648084Z Working directory is '/home/runner/work/Fabric-Induced-Memory/Fabric-Induced-Memory'
2026-10-11T03:07:05.4650245Z [command]/usr/bin/git version
2026-10-11T03:07:05.4719105Z git version 2.55.0
2026-10-11T03:07:05.4740408Z ##[endgroup]
2026-10-11T03:07:05.4763613Z Temporarily overriding HOME='/home/runner/work/_temp/8ada1336-1fca-4782-aaa7-fc2c1cb23fa4' before making global git config changes
2026-10-11T03:07:05.4765938Z Adding repository directory to the temporary git global config as a safe directory
2026-10-11T03:07:05.4767731Z [command]/usr/bin/git config --global --add safe.directory /home/runner/work/Fabric-Induced-Memory/Fabric-Induced-Memory
2026-10-11T03:07:05.4826079Z Deleting the contents of '/home/runner/work/Fabric-Induced-Memory/Fabric-Induced-Memory'
2026-10-11T03:07:05.4830285Z ##[group]Initializing the repository
2026-10-11T03:07:05.4834932Z [command]/usr/bin/git init /home/runner/work/Fabric-Induced-Memory/Fabric-Induced-Memory
2026-10-11T03:07:05.4968519Z hint: Using 'master' as the name for the initial branch. This default branch name
2026-10-11T03:07:05.4970660Z hint: will change to "main" in Git 3.0. To configure the initial branch name
2026-10-11T03:07:05.4972347Z hint: to use in all of your new repositories, which will suppress this warning,
2026-10-11T03:07:05.4973598Z hint: call:
2026-10-11T03:07:05.4974463Z hint:
2026-10-11T03:07:05.4975466Z hint: 	git config --global init.defaultBranch <name>
2026-10-11T03:07:05.4976638Z hint:
2026-10-11T03:07:05.4977725Z hint: Names commonly chosen instead of 'master' are 'main', 'trunk' and
2026-10-11T03:07:05.4979472Z hint: 'development'. The just-created branch can be renamed via this command:
2026-10-11T03:07:05.4980667Z hint:
2026-10-11T03:07:05.4981872Z hint: 	git branch -m <name>
2026-10-11T03:07:05.4982955Z hint:
2026-10-11T03:07:05.4984298Z hint: Disable this message with "git config set advice.defaultBranchName false"
2026-10-11T03:07:05.4986560Z Initialized empty Git repository in /home/runner/work/Fabric-Induced-Memory/Fabric-Induced-Memory/.git/
2026-10-11T03:07:05.4990090Z [command]/usr/bin/git remote add origin https://github.com/THE-BU1LD/Fabric-Induced-Memory
2026-10-11T03:07:05.5042516Z ##[endgroup]
2026-10-11T03:07:05.5043741Z ##[group]Disabling automatic garbage collection
2026-10-11T03:07:05.5046407Z [command]/usr/bin/git config --local gc.auto 0
2026-10-11T03:07:05.5079543Z ##[endgroup]
2026-10-11T03:07:05.5080587Z ##[group]Setting up auth
2026-10-11T03:07:05.5087781Z [command]/usr/bin/git config --local --name-only --get-regexp core\.sshCommand
2026-10-11T03:07:05.5128079Z [command]/usr/bin/git submodule foreach --recursive sh -c "git config --local --name-only --get-regexp 'core\.sshCommand' && git config --local --unset-all 'core.sshCommand' || :"
2026-10-11T03:07:05.5537615Z [command]/usr/bin/git config --local --name-only --get-regexp http\.https\:\/\/github\.com\/\.extraheader
2026-10-11T03:07:05.5580082Z [command]/usr/bin/git submodule foreach --recursive sh -c "git config --local --name-only --get-regexp 'http\.https\:\/\/github\.com\/\.extraheader' && git config --local --unset-all 'http.https://github.com/.extraheader' || :"
2026-10-11T03:07:05.5838296Z [command]/usr/bin/git config --local --name-only --get-regexp ^includeIf\.gitdir:
2026-10-11T03:07:05.5874596Z [command]/usr/bin/git submodule foreach --recursive git config --local --show-origin --name-only --get-regexp remote.origin.url
2026-10-11T03:07:05.6117941Z [command]/usr/bin/git config --local http.https://github.com/.extraheader AUTHORIZATION: basic ***
2026-10-11T03:07:05.6159937Z ##[endgroup]
2026-10-11T03:07:05.6160785Z ##[group]Fetching the repository
2026-10-11T03:07:05.6169802Z [command]/usr/bin/git -c protocol.version=2 fetch --no-tags --prune --no-recurse-submodules --depth=1 origin +4a50e08f7d453103fd17e23087b147e5f7dc78a8:refs/remotes/pull/44/merge
2026-10-11T03:07:06.3898973Z From https://github.com/THE-BU1LD/Fabric-Induced-Memory
2026-10-11T03:07:06.3901260Z  * [new ref]         4a50e08f7d453103fd17e23087b147e5f7dc78a8 -> pull/44/merge
2026-10-11T03:07:06.3907151Z ##[endgroup]
2026-10-11T03:07:06.3909473Z ##[group]Determining the checkout info
2026-10-11T03:07:06.3911857Z ##[endgroup]
2026-10-11T03:07:06.3915903Z [command]/usr/bin/git sparse-checkout disable
2026-10-11T03:07:06.3979499Z [command]/usr/bin/git config --local --unset-all extensions.worktreeConfig
2026-10-11T03:07:06.4015233Z ##[group]Checking out the ref
2026-10-11T03:07:06.4018470Z [command]/usr/bin/git checkout --progress --force refs/remotes/pull/44/merge
2026-10-11T03:07:06.5113229Z Note: switching to 'refs/remotes/pull/44/merge'.
2026-10-11T03:07:06.5114498Z 
2026-10-11T03:07:06.5115428Z You are in 'detached HEAD' state. You can look around, make experimental
2026-10-11T03:07:06.5117502Z changes and commit them, and you can discard any commits you make in this
2026-10-11T03:07:06.5119926Z state without impacting any branches by switching back to a branch.
2026-10-11T03:07:06.5121286Z 
2026-10-11T03:07:06.5122617Z If you want to create a new branch to retain commits you create, you may
2026-10-11T03:07:06.5124612Z do so (now or later) by using -c with the switch command. Example:
2026-10-11T03:07:06.5125767Z 
2026-10-11T03:07:06.5126343Z   git switch -c <new-branch-name>
2026-10-11T03:07:06.5127198Z 
2026-10-11T03:07:06.5127574Z Or undo this operation with:
2026-10-11T03:07:06.5128102Z 
2026-10-11T03:07:06.5128411Z   git switch -
2026-10-11T03:07:06.5128840Z 
2026-10-11T03:07:06.5129758Z Turn off this advice by setting config variable advice.detachedHead to false
2026-10-11T03:07:06.5131249Z 
2026-10-11T03:07:06.5132381Z HEAD is now at 4a50e08 Merge 82f724b725772bbd3e6d233b9d69c3d6ec1e0089 into 92bcc3eb5322d967684673ca61f22a8bbebdc16b
2026-10-11T03:07:06.5135916Z ##[endgroup]
2026-10-11T03:07:06.5181925Z [command]/usr/bin/git log -1 --format=%H
2026-10-11T03:07:06.5209597Z 4a50e08f7d453103fd17e23087b147e5f7dc78a8
2026-10-11T03:07:06.5588138Z ##[group]Run actions/setup-python@v5
2026-10-11T03:07:06.5589747Z with:
2026-10-11T03:07:06.5590703Z   python-version: 3.11
2026-10-11T03:07:06.5591705Z   cache: pip
2026-10-11T03:07:06.5592606Z   check-latest: false
2026-10-11T03:07:06.5602249Z   token: ***
2026-10-11T03:07:06.5603208Z   update-environment: true
2026-10-11T03:07:06.5604300Z   allow-prereleases: false
2026-10-11T03:07:06.5605352Z   freethreaded: false
2026-10-11T03:07:06.5606300Z env:
2026-10-11T03:07:06.5607175Z   PYTHONUNBUFFERED: 1
2026-10-11T03:07:06.5608150Z   MPLBACKEND: Agg
2026-10-11T03:07:06.5609214Z ##[endgroup]
2026-10-11T03:07:06.7015207Z ##[group]Installed versions
2026-10-11T03:07:06.7722102Z (node:2279) [DEP0040] DeprecationWarning: The `punycode` module is deprecated. Please use a userland alternative instead.
2026-10-11T03:07:06.7725391Z (Use `node --trace-deprecation ...` to show where the warning was created)
2026-10-11T03:07:06.7727088Z Successfully set up CPython (3.11.17)
2026-10-11T03:07:06.7728966Z ##[endgroup]
2026-10-11T03:07:06.8910073Z [command]/opt/hostedtoolcache/Python/3.11.17/x64/bin/pip cache dir
2026-10-11T03:07:08.7974826Z /home/runner/.cache/pip
2026-10-11T03:07:08.9362729Z Cache hit for: setup-python-Linux-x64-24.04-Ubuntu-python-3.11.17-pip-68602a89235ddf784081b65a4cca2d5bcd8de558cb4332795f6e807c1086eb79
2026-10-11T03:07:08.9471720Z (node:2279) [DEP0169] DeprecationWarning: `url.parse()` behavior is not standardized and prone to errors that have security implications. Use the WHATWG URL API instead. CVEs are not issued for `url.parse()` vulnerabilities.
2026-10-11T03:07:10.0616423Z Received 134217728 of 2975653405 (4.5%), 128.0 MBs/sec
2026-10-11T03:07:11.0622057Z Received 369098752 of 2975653405 (12.4%), 176.0 MBs/sec
2026-10-11T03:07:12.0618498Z Received 624951296 of 2975653405 (21.0%), 198.7 MBs/sec
2026-10-11T03:07:13.0615971Z Received 855638016 of 2975653405 (28.8%), 204.0 MBs/sec
2026-10-11T03:07:14.0649902Z Received 1073741824 of 2975653405 (36.1%), 204.7 MBs/sec
2026-10-11T03:07:15.0656109Z Received 1333788672 of 2975653405 (44.8%), 211.9 MBs/sec
2026-10-11T03:07:16.0730359Z Received 1556086784 of 2975653405 (52.3%), 211.8 MBs/sec
2026-10-11T03:07:17.0702651Z Received 1782579200 of 2975653405 (59.9%), 212.3 MBs/sec
2026-10-11T03:07:18.0699838Z Received 2009071616 of 2975653405 (67.5%), 212.7 MBs/sec
2026-10-11T03:07:19.0706593Z Received 2227175424 of 2975653405 (74.8%), 212.2 MBs/sec
2026-10-11T03:07:20.0708830Z Received 2436890624 of 2975653405 (81.9%), 211.1 MBs/sec
2026-10-11T03:07:21.0720766Z Received 2659188736 of 2975653405 (89.4%), 211.2 MBs/sec
2026-10-11T03:07:22.0745792Z Received 2877292544 of 2975653405 (96.7%), 210.9 MBs/sec
2026-10-11T03:07:22.5690919Z Received 2975653405 of 2975653405 (100.0%), 210.1 MBs/sec
2026-10-11T03:07:22.5692118Z Cache Size: ~2838 MB (2975653405 B)
2026-10-11T03:07:22.5731750Z [command]/usr/bin/tar -xf /home/runner/work/_temp/3e6d4640-df9f-420f-a362-10f885000155/cache.tzst -P -C /home/runner/work/Fabric-Induced-Memory/Fabric-Induced-Memory --use-compress-program unzstd
2026-10-11T03:07:27.8788526Z Cache restored successfully
2026-10-11T03:07:28.0031445Z Cache restored from key: setup-python-Linux-x64-24.04-Ubuntu-python-3.11.17-pip-68602a89235ddf784081b65a4cca2d5bcd8de558cb4332795f6e807c1086eb79
2026-10-11T03:07:28.1455499Z ##[group]Run python -m pip install --upgrade pip
2026-10-11T03:07:28.1456022Z [36;1mpython -m pip install --upgrade pip[0m
2026-10-11T03:07:28.1456407Z [36;1mpython -m pip install -e . pytest[0m
2026-10-11T03:07:29.2011562Z shell: /usr/bin/bash -e {0}
2026-10-11T03:07:29.2012132Z env:
2026-10-11T03:07:29.2012559Z   PYTHONUNBUFFERED: 1
2026-10-11T03:07:29.2013026Z   MPLBACKEND: Agg
2026-10-11T03:07:29.2013587Z   pythonLocation: /opt/hostedtoolcache/Python/3.11.17/x64
2026-10-11T03:07:29.2014295Z   PKG_CONFIG_PATH: /opt/hostedtoolcache/Python/3.11.17/x64/lib/pkgconfig
2026-10-11T03:07:29.2014891Z   Python_ROOT_DIR: /opt/hostedtoolcache/Python/3.11.17/x64
2026-10-11T03:07:29.2015399Z   Python2_ROOT_DIR: /opt/hostedtoolcache/Python/3.11.17/x64
2026-10-11T03:07:29.2015895Z   Python3_ROOT_DIR: /opt/hostedtoolcache/Python/3.11.17/x64
2026-10-11T03:07:29.2016425Z   LD_LIBRARY_PATH: /opt/hostedtoolcache/Python/3.11.17/x64/lib
2026-10-11T03:07:29.2016854Z ##[endgroup]
2026-10-11T03:07:30.9680520Z Requirement already satisfied: pip in /opt/hostedtoolcache/Python/3.11.17/x64/lib/python3.11/site-packages (26.2.1)
2026-10-11T03:07:32.0360464Z Obtaining file:///home/runner/work/Fabric-Induced-Memory/Fabric-Induced-Memory
2026-10-11T03:07:32.0373977Z   Installing build dependencies: started
2026-10-11T03:07:33.1045047Z   Installing build dependencies: finished with status 'done'
2026-10-11T03:07:33.1051994Z   Checking if build backend supports build_editable: started
2026-10-11T03:07:33.4408501Z   Checking if build backend supports build_editable: finished with status 'done'
2026-10-11T03:07:33.4417410Z   Getting requirements to build editable: started
2026-10-11T03:07:33.7659966Z   Getting requirements to build editable: finished with status 'done'
2026-10-11T03:07:33.7671498Z   Preparing editable metadata (pyproject.toml): started
2026-10-11T03:07:33.9554237Z   Preparing editable metadata (pyproject.toml): finished with status 'done'
2026-10-11T03:07:34.0396224Z Collecting pytest
2026-10-11T03:07:34.0413460Z   Using cached pytest-9.1.1-py3-none-any.whl.metadata (7.6 kB)
2026-10-11T03:07:34.0971351Z Collecting torch (from fim==0.1.0)
2026-10-11T03:07:34.0987051Z   Using cached torch-2.14.1-cp311-cp311-manylinux_2_28_x86_64.whl.metadata (37 kB)
2026-10-11T03:07:34.3101014Z Collecting numpy (from fim==0.1.0)
2026-10-11T03:07:34.3118838Z   Using cached numpy-2.4.6-cp311-cp311-manylinux_2_27_x86_64.manylinux_2_28_x86_64.whl.metadata (6.6 kB)
2026-10-11T03:07:34.4283948Z Collecting matplotlib (from fim==0.1.0)
2026-10-11T03:07:34.4301882Z   Using cached matplotlib-3.11.2-cp311-cp311-manylinux2014_x86_64.manylinux_2_17_x86_64.whl.metadata (80 kB)
2026-10-11T03:07:34.4754160Z Collecting pyyaml (from fim==0.1.0)
2026-10-11T03:07:34.4770179Z   Using cached pyyaml-6.0.3-cp311-cp311-manylinux2014_x86_64.manylinux_2_17_x86_64.manylinux_2_28_x86_64.whl.metadata (2.4 kB)
2026-10-11T03:07:34.4856700Z Collecting iniconfig>=1.0.1 (from pytest)
2026-10-11T03:07:34.4872497Z   Using cached iniconfig-2.3.1-py3-none-any.whl.metadata (2.8 kB)
2026-10-11T03:07:34.4996393Z Collecting packaging>=22 (from pytest)
2026-10-11T03:07:34.5011619Z   Using cached packaging-26.3-py3-none-any.whl.metadata (3.5 kB)
2026-10-11T03:07:34.5106710Z Collecting pluggy<2,>=1.5 (from pytest)
2026-10-11T03:07:34.5121937Z   Using cached pluggy-1.6.0-py3-none-any.whl.metadata (4.8 kB)
2026-10-11T03:07:34.5269564Z Collecting pygments>=2.7.2 (from pytest)
2026-10-11T03:07:34.5284618Z   Using cached pygments-2.21.0-py3-none-any.whl.metadata (2.5 kB)
2026-10-11T03:07:34.5960899Z Collecting contourpy>=1.0.1 (from matplotlib->fim==0.1.0)
2026-10-11T03:07:34.5977430Z   Using cached contourpy-1.3.3-cp311-cp311-manylinux_2_27_x86_64.manylinux_2_28_x86_64.whl.metadata (5.5 kB)
2026-10-11T03:07:34.6074669Z Collecting cycler>=0.10 (from matplotlib->fim==0.1.0)
2026-10-11T03:07:34.6089730Z   Using cached cycler-0.12.1-py3-none-any.whl.metadata (3.8 kB)
2026-10-11T03:07:34.7405301Z Collecting fonttools>=4.28.2 (from matplotlib->fim==0.1.0)
2026-10-11T03:07:34.7425508Z   Using cached fonttools-4.66.1-cp311-cp311-manylinux2014_x86_64.manylinux_2_17_x86_64.whl.metadata (130 kB)
2026-10-11T03:07:35.2895517Z Collecting kiwisolver>=1.3.1 (from matplotlib->fim==0.1.0)
2026-10-11T03:07:35.2913017Z   Using cached kiwisolver-1.5.1-cp311-cp311-manylinux2014_x86_64.manylinux_2_17_x86_64.whl.metadata (5.2 kB)
2026-10-11T03:07:35.6270245Z Collecting pillow>=9 (from matplotlib->fim==0.1.0)
2026-10-11T03:07:35.6287053Z   Using cached pillow-12.3.0-cp311-cp311-manylinux_2_27_x86_64.manylinux_2_28_x86_64.whl.metadata (9.1 kB)
2026-10-11T03:07:35.6493205Z Collecting pyparsing>=3 (from matplotlib->fim==0.1.0)
2026-10-11T03:07:35.6507766Z   Using cached pyparsing-3.3.3-py3-none-any.whl.metadata (5.9 kB)
2026-10-11T03:07:35.6610880Z Collecting python-dateutil>=2.7 (from matplotlib->fim==0.1.0)
2026-10-11T03:07:35.6624988Z   Using cached python_dateutil-2.9.0.post0-py2.py3-none-any.whl.metadata (8.4 kB)
2026-10-11T03:07:35.6754451Z Collecting six>=1.5 (from python-dateutil>=2.7->matplotlib->fim==0.1.0)
2026-10-11T03:07:35.6768835Z   Using cached six-1.17.0-py2.py3-none-any.whl.metadata (1.7 kB)
2026-10-11T03:07:35.6992480Z Collecting filelock (from torch->fim==0.1.0)
2026-10-11T03:07:35.7468147Z   Downloading filelock-4.1.0-py3-none-any.whl.metadata (2.0 kB)
2026-10-11T03:07:35.7618982Z Collecting typing-extensions>=4.10.0 (from torch->fim==0.1.0)
2026-10-11T03:07:35.7633890Z   Using cached typing_extensions-4.16.0-py3-none-any.whl.metadata (3.3 kB)
2026-10-11T03:07:35.7649315Z Requirement already satisfied: setuptools>=77.0.3 in /opt/hostedtoolcache/Python/3.11.17/x64/lib/python3.11/site-packages (from torch->fim==0.1.0) (79.0.1)
2026-10-11T03:07:35.7907780Z Collecting sympy>=1.13.3 (from torch->fim==0.1.0)
2026-10-11T03:07:35.7923732Z   Using cached sympy-1.14.0-py3-none-any.whl.metadata (12 kB)
2026-10-11T03:07:35.8101499Z Collecting networkx>=2.5.1 (from torch->fim==0.1.0)
2026-10-11T03:07:35.8115844Z   Using cached networkx-3.6.1-py3-none-any.whl.metadata (6.8 kB)
2026-10-11T03:07:35.8261029Z Collecting jinja2 (from torch->fim==0.1.0)
2026-10-11T03:07:35.8275203Z   Using cached jinja2-3.1.6-py3-none-any.whl.metadata (2.9 kB)
2026-10-11T03:07:35.8439153Z Collecting fsspec>=0.8.5 (from torch->fim==0.1.0)
2026-10-11T03:07:35.8453860Z   Using cached fsspec-2026.9.0-py3-none-any.whl.metadata (10 kB)
2026-10-11T03:07:35.8702935Z Collecting cuda-toolkit==13.0.3 (from cuda-toolkit[cublas,cudart,cufft,cufile,cupti,curand,cusolver,cusparse,nvjitlink,nvrtc,nvtx]==13.0.3; platform_system == "Linux"->torch->fim==0.1.0)
2026-10-11T03:07:35.8716461Z   Using cached cuda_toolkit-13.0.3.0-py2.py3-none-any.whl.metadata (17 kB)
2026-10-11T03:07:35.9173569Z Collecting cuda-bindings<14,>=13.0.3 (from torch->fim==0.1.0)
2026-10-11T03:07:35.9190346Z   Using cached cuda_bindings-13.4.3-cp311-cp311-manylinux_2_24_x86_64.manylinux_2_28_x86_64.whl.metadata (2.4 kB)
2026-10-11T03:07:35.9325368Z Collecting nvidia-cudnn-cu13==9.24.0.43 (from torch->fim==0.1.0)
2026-10-11T03:07:35.9340442Z   Using cached nvidia_cudnn_cu13-9.24.0.43-py3-none-manylinux_2_27_x86_64.whl.metadata (1.9 kB)
2026-10-11T03:07:35.9432185Z Collecting nvidia-cusparselt-cu13==0.8.1 (from torch->fim==0.1.0)
2026-10-11T03:07:35.9446890Z   Using cached nvidia_cusparselt_cu13-0.8.1-py3-none-manylinux2014_x86_64.whl.metadata (12 kB)
2026-10-11T03:07:35.9538186Z Collecting nvidia-nccl-cu13==2.30.7 (from torch->fim==0.1.0)
2026-10-11T03:07:35.9553294Z   Using cached nvidia_nccl_cu13-2.30.7-py3-none-manylinux_2_18_x86_64.whl.metadata (2.1 kB)
2026-10-11T03:07:35.9642074Z Collecting nvidia-nvshmem-cu13==3.4.5 (from torch->fim==0.1.0)
2026-10-11T03:07:35.9656832Z   Using cached nvidia_nvshmem_cu13-3.4.5-py3-none-manylinux2014_x86_64.manylinux_2_17_x86_64.whl.metadata (2.1 kB)
2026-10-11T03:07:35.9817209Z Collecting triton~=3.8.0 (from torch->fim==0.1.0)
2026-10-11T03:07:35.9833332Z   Using cached triton-3.8.0-cp311-cp311-manylinux_2_27_x86_64.manylinux_2_28_x86_64.whl.metadata (978 bytes)
2026-10-11T03:07:36.0059992Z Collecting nvidia-cublas==13.1.1.3.* (from cuda-toolkit[cublas,cudart,cufft,cufile,cupti,curand,cusolver,cusparse,nvjitlink,nvrtc,nvtx]==13.0.3; platform_system == "Linux"->torch->fim==0.1.0)
2026-10-11T03:07:36.0079712Z   Using cached nvidia_cublas-13.1.1.3-py3-none-manylinux_2_27_x86_64.whl.metadata (1.8 kB)
2026-10-11T03:07:36.0190154Z Collecting nvidia-cuda-nvrtc==13.0.88.* (from cuda-toolkit[cublas,cudart,cufft,cufile,cupti,curand,cusolver,cusparse,nvjitlink,nvrtc,nvtx]==13.0.3; platform_system == "Linux"->torch->fim==0.1.0)
2026-10-11T03:07:36.0204555Z   Using cached nvidia_cuda_nvrtc-13.0.88-py3-none-manylinux2010_x86_64.manylinux_2_12_x86_64.whl.metadata (1.7 kB)
2026-10-11T03:07:36.0322958Z Collecting nvidia-cuda-runtime==13.0.96.* (from cuda-toolkit[cublas,cudart,cufft,cufile,cupti,curand,cusolver,cusparse,nvjitlink,nvrtc,nvtx]==13.0.3; platform_system == "Linux"->torch->fim==0.1.0)
2026-10-11T03:07:36.0336989Z   Using cached nvidia_cuda_runtime-13.0.96-py3-none-manylinux2014_x86_64.manylinux_2_17_x86_64.whl.metadata (1.7 kB)
2026-10-11T03:07:36.0442878Z Collecting nvidia-cufft==12.0.0.61.* (from cuda-toolkit[cublas,cudart,cufft,cufile,cupti,curand,cusolver,cusparse,nvjitlink,nvrtc,nvtx]==13.0.3; platform_system == "Linux"->torch->fim==0.1.0)
2026-10-11T03:07:36.0456669Z   Using cached nvidia_cufft-12.0.0.61-py3-none-manylinux2014_x86_64.manylinux_2_17_x86_64.whl.metadata (1.8 kB)
2026-10-11T03:07:36.0568578Z Collecting nvidia-nvjitlink<14,>=13.0.88 (from cuda-toolkit[cublas,cudart,cufft,cufile,cupti,curand,cusolver,cusparse,nvjitlink,nvrtc,nvtx]==13.0.3; platform_system == "Linux"->torch->fim==0.1.0)
2026-10-11T03:07:36.0583437Z   Using cached nvidia_nvjitlink-13.4.92-py3-none-manylinux2010_x86_64.manylinux_2_12_x86_64.whl.metadata (1.8 kB)
2026-10-11T03:07:36.0686902Z Collecting nvidia-cufile==1.15.1.6.* (from cuda-toolkit[cublas,cudart,cufft,cufile,cupti,curand,cusolver,cusparse,nvjitlink,nvrtc,nvtx]==13.0.3; platform_system == "Linux"->torch->fim==0.1.0)
2026-10-11T03:07:36.0701242Z   Using cached nvidia_cufile-1.15.1.6-py3-none-manylinux2014_x86_64.manylinux_2_17_x86_64.whl.metadata (1.7 kB)
2026-10-11T03:07:36.0807764Z Collecting nvidia-cuda-cupti==13.0.85.* (from cuda-toolkit[cublas,cudart,cufft,cufile,cupti,curand,cusolver,cusparse,nvjitlink,nvrtc,nvtx]==13.0.3; platform_system == "Linux"->torch->fim==0.1.0)
2026-10-11T03:07:36.0821944Z   Using cached nvidia_cuda_cupti-13.0.85-py3-none-manylinux_2_25_x86_64.whl.metadata (1.7 kB)
2026-10-11T03:07:36.0928793Z Collecting nvidia-curand==10.4.0.35.* (from cuda-toolkit[cublas,cudart,cufft,cufile,cupti,curand,cusolver,cusparse,nvjitlink,nvrtc,nvtx]==13.0.3; platform_system == "Linux"->torch->fim==0.1.0)
2026-10-11T03:07:36.0942800Z   Using cached nvidia_curand-10.4.0.35-py3-none-manylinux_2_27_x86_64.whl.metadata (1.7 kB)
2026-10-11T03:07:36.1054637Z Collecting nvidia-cusolver==12.0.4.66.* (from cuda-toolkit[cublas,cudart,cufft,cufile,cupti,curand,cusolver,cusparse,nvjitlink,nvrtc,nvtx]==13.0.3; platform_system == "Linux"->torch->fim==0.1.0)
2026-10-11T03:07:36.1068562Z   Using cached nvidia_cusolver-12.0.4.66-py3-none-manylinux_2_27_x86_64.whl.metadata (1.8 kB)
2026-10-11T03:07:36.1180545Z Collecting nvidia-cusparse==12.6.3.3.* (from cuda-toolkit[cublas,cudart,cufft,cufile,cupti,curand,cusolver,cusparse,nvjitlink,nvrtc,nvtx]==13.0.3; platform_system == "Linux"->torch->fim==0.1.0)
2026-10-11T03:07:36.1194970Z   Using cached nvidia_cusparse-12.6.3.3-py3-none-manylinux2014_x86_64.manylinux_2_17_x86_64.whl.metadata (1.8 kB)
2026-10-11T03:07:36.1337888Z Collecting nvidia-nvtx==13.0.85.* (from cuda-toolkit[cublas,cudart,cufft,cufile,cupti,curand,cusolver,cusparse,nvjitlink,nvrtc,nvtx]==13.0.3; platform_system == "Linux"->torch->fim==0.1.0)
2026-10-11T03:07:36.1352015Z   Using cached nvidia_nvtx-13.0.85-py3-none-manylinux1_x86_64.manylinux_2_5_x86_64.whl.metadata (1.8 kB)
2026-10-11T03:07:36.1476143Z Collecting cuda-pathfinder>=1.4.2 (from cuda-bindings<14,>=13.0.3->torch->fim==0.1.0)
2026-10-11T03:07:36.1490379Z   Using cached cuda_pathfinder-1.8.3-py3-none-any.whl.metadata (1.9 kB)
2026-10-11T03:07:36.1724338Z Collecting mpmath<1.4,>=1.1.0 (from sympy>=1.13.3->torch->fim==0.1.0)
2026-10-11T03:07:36.1738719Z   Using cached mpmath-1.3.0-py3-none-any.whl.metadata (8.6 kB)
2026-10-11T03:07:36.2275882Z Collecting MarkupSafe>=2.0 (from jinja2->torch->fim==0.1.0)
2026-10-11T03:07:36.2292555Z   Using cached markupsafe-3.0.4-cp311-cp311-manylinux2014_x86_64.manylinux_2_17_x86_64.manylinux_2_28_x86_64.whl.metadata (2.7 kB)
2026-10-11T03:07:36.2332145Z Using cached pytest-9.1.1-py3-none-any.whl (386 kB)
2026-10-11T03:07:36.2348808Z Using cached pluggy-1.6.0-py3-none-any.whl (20 kB)
2026-10-11T03:07:36.2363431Z Using cached iniconfig-2.3.1-py3-none-any.whl (7.6 kB)
2026-10-11T03:07:36.2377621Z Using cached packaging-26.3-py3-none-any.whl (129 kB)
2026-10-11T03:07:36.2393161Z Using cached pygments-2.21.0-py3-none-any.whl (1.3 MB)
2026-10-11T03:07:36.2414355Z Using cached matplotlib-3.11.2-cp311-cp311-manylinux2014_x86_64.manylinux_2_17_x86_64.whl (9.9 MB)
2026-10-11T03:07:36.2468530Z Using cached contourpy-1.3.3-cp311-cp311-manylinux_2_27_x86_64.manylinux_2_28_x86_64.whl (355 kB)
2026-10-11T03:07:36.2484501Z Using cached cycler-0.12.1-py3-none-any.whl (8.3 kB)
2026-10-11T03:07:36.2499706Z Using cached fonttools-4.66.1-cp311-cp311-manylinux2014_x86_64.manylinux_2_17_x86_64.whl (5.4 MB)
2026-10-11T03:07:36.2535088Z Using cached kiwisolver-1.5.1-cp311-cp311-manylinux2014_x86_64.manylinux_2_17_x86_64.whl (1.4 MB)
2026-10-11T03:07:36.2555606Z Using cached numpy-2.4.6-cp311-cp311-manylinux_2_27_x86_64.manylinux_2_28_x86_64.whl (16.9 MB)
2026-10-11T03:07:36.2635213Z Using cached pillow-12.3.0-cp311-cp311-manylinux_2_27_x86_64.manylinux_2_28_x86_64.whl (6.9 MB)
2026-10-11T03:07:36.2675146Z Using cached pyparsing-3.3.3-py3-none-any.whl (126 kB)
2026-10-11T03:07:36.2689432Z Using cached python_dateutil-2.9.0.post0-py2.py3-none-any.whl (229 kB)
2026-10-11T03:07:36.2704504Z Using cached six-1.17.0-py2.py3-none-any.whl (11 kB)
2026-10-11T03:07:36.2719010Z Using cached pyyaml-6.0.3-cp311-cp311-manylinux2014_x86_64.manylinux_2_17_x86_64.manylinux_2_28_x86_64.whl (806 kB)
2026-10-11T03:07:36.2736629Z Using cached torch-2.14.1-cp311-cp311-manylinux_2_28_x86_64.whl (554.6 MB)
2026-10-11T03:07:36.4727465Z Using cached cuda_toolkit-13.0.3.0-py2.py3-none-any.whl (2.5 kB)
2026-10-11T03:07:36.4742409Z Using cached nvidia_cudnn_cu13-9.24.0.43-py3-none-manylinux_2_27_x86_64.whl (553.1 MB)
2026-10-11T03:07:36.6759795Z Using cached nvidia_cusparselt_cu13-0.8.1-py3-none-manylinux2014_x86_64.whl (170.1 MB)
2026-10-11T03:07:36.7384763Z Using cached nvidia_nccl_cu13-2.30.7-py3-none-manylinux_2_18_x86_64.whl (216.0 MB)
2026-10-11T03:07:36.8164408Z Using cached nvidia_nvshmem_cu13-3.4.5-py3-none-manylinux2014_x86_64.manylinux_2_17_x86_64.whl (60.4 MB)
2026-10-11T03:07:36.8396987Z Using cached cuda_bindings-13.4.3-cp311-cp311-manylinux_2_24_x86_64.manylinux_2_28_x86_64.whl (7.2 MB)
2026-10-11T03:07:36.8437757Z Using cached nvidia_cublas-13.1.1.3-py3-none-manylinux_2_27_x86_64.whl (423.1 MB)
2026-10-11T03:07:36.9949859Z Using cached nvidia_cuda_cupti-13.0.85-py3-none-manylinux_2_25_x86_64.whl (10.7 MB)
2026-10-11T03:07:37.0005140Z Using cached nvidia_cuda_nvrtc-13.0.88-py3-none-manylinux2010_x86_64.manylinux_2_12_x86_64.whl (90.2 MB)
2026-10-11T03:07:37.1467078Z Using cached nvidia_cuda_runtime-13.0.96-py3-none-manylinux2014_x86_64.manylinux_2_17_x86_64.whl (2.2 MB)
2026-10-11T03:07:37.1491242Z Using cached nvidia_cufft-12.0.0.61-py3-none-manylinux2014_x86_64.manylinux_2_17_x86_64.whl (214.1 MB)
2026-10-11T03:07:37.5909962Z Using cached nvidia_cufile-1.15.1.6-py3-none-manylinux2014_x86_64.manylinux_2_17_x86_64.whl (1.2 MB)
2026-10-11T03:07:37.8937709Z Using cached nvidia_curand-10.4.0.35-py3-none-manylinux_2_27_x86_64.whl (59.5 MB)
2026-10-11T03:07:37.9204314Z Using cached nvidia_cusolver-12.0.4.66-py3-none-manylinux_2_27_x86_64.whl (200.9 MB)
2026-10-11T03:07:38.1313462Z Using cached nvidia_cusparse-12.6.3.3-py3-none-manylinux2014_x86_64.manylinux_2_17_x86_64.whl (145.9 MB)
2026-10-11T03:07:38.4885363Z Using cached nvidia_nvjitlink-13.4.92-py3-none-manylinux2010_x86_64.manylinux_2_12_x86_64.whl (42.5 MB)
2026-10-11T03:07:38.6058186Z Using cached nvidia_nvtx-13.0.85-py3-none-manylinux1_x86_64.manylinux_2_5_x86_64.whl (148 kB)
2026-10-11T03:07:38.6073601Z Using cached triton-3.8.0-cp311-cp311-manylinux_2_27_x86_64.manylinux_2_28_x86_64.whl (247.9 MB)
2026-10-11T03:07:39.2118379Z Using cached cuda_pathfinder-1.8.3-py3-none-any.whl (62 kB)
2026-10-11T03:07:39.2133313Z Using cached fsspec-2026.9.0-py3-none-any.whl (221 kB)
2026-10-11T03:07:39.2148540Z Using cached networkx-3.6.1-py3-none-any.whl (2.1 MB)
2026-10-11T03:07:39.2171497Z Using cached sympy-1.14.0-py3-none-any.whl (6.3 MB)
2026-10-11T03:07:39.2316329Z Using cached mpmath-1.3.0-py3-none-any.whl (536 kB)
2026-10-11T03:07:39.2332844Z Using cached typing_extensions-4.16.0-py3-none-any.whl (45 kB)
2026-10-11T03:07:39.2372207Z Downloading filelock-4.1.0-py3-none-any.whl (133 kB)
2026-10-11T03:07:41.1451781Z Using cached jinja2-3.1.6-py3-none-any.whl (134 kB)
2026-10-11T03:07:41.1467143Z Using cached markupsafe-3.0.4-cp311-cp311-manylinux2014_x86_64.manylinux_2_17_x86_64.manylinux_2_28_x86_64.whl (22 kB)
2026-10-11T03:07:43.4520021Z Building wheels for collected packages: fim
2026-10-11T03:07:43.4528896Z   Building editable for fim (pyproject.toml): started
2026-10-11T03:07:43.8445256Z   Building editable for fim (pyproject.toml): finished with status 'done'
2026-10-11T03:07:43.8451553Z   Created wheel for fim: filename=fim-0.1.0-0.editable-py3-none-any.whl size=4058 sha256=fca2fc4d147f05b9fcc32991a91226d22bbd34f093c94d88e76426b1771dccb2
2026-10-11T03:07:43.8453491Z   Stored in directory: /tmp/pip-ephem-wheel-cache-48ih3qkm/wheels/d8/df/e6/d023d332301e8262c28debf68b60755a53248c88b1d0ef6613
2026-10-11T03:07:43.8466563Z Successfully built fim
2026-10-11T03:07:44.0237289Z Installing collected packages: nvidia-cusparselt-cu13, mpmath, cuda-toolkit, typing-extensions, triton, sympy, six, pyyaml, pyparsing, pygments, pluggy, pillow, packaging, nvidia-nvtx, nvidia-nvshmem-cu13, nvidia-nvjitlink, nvidia-nccl-cu13, nvidia-curand, nvidia-cufile, nvidia-cuda-runtime, nvidia-cuda-nvrtc, nvidia-cuda-cupti, numpy, networkx, MarkupSafe, kiwisolver, iniconfig, fsspec, fonttools, filelock, cycler, cuda-pathfinder, python-dateutil, pytest, nvidia-cusparse, nvidia-cufft, nvidia-cublas, jinja2, cuda-bindings, contourpy, nvidia-cusolver, nvidia-cudnn-cu13, matplotlib, torch, fim
2026-10-11T03:08:21.5794638Z 
2026-10-11T03:08:21.5820415Z Successfully installed MarkupSafe-3.0.4 contourpy-1.3.3 cuda-bindings-13.4.3 cuda-pathfinder-1.8.3 cuda-toolkit-13.0.3.0 cycler-0.12.1 filelock-4.1.0 fim-0.1.0 fonttools-4.66.1 fsspec-2026.9.0 iniconfig-2.3.1 jinja2-3.1.6 kiwisolver-1.5.1 matplotlib-3.11.2 mpmath-1.3.0 networkx-3.6.1 numpy-2.4.6 nvidia-cublas-13.1.1.3 nvidia-cuda-cupti-13.0.85 nvidia-cuda-nvrtc-13.0.88 nvidia-cuda-runtime-13.0.96 nvidia-cudnn-cu13-9.24.0.43 nvidia-cufft-12.0.0.61 nvidia-cufile-1.15.1.6 nvidia-curand-10.4.0.35 nvidia-cusolver-12.0.4.66 nvidia-cusparse-12.6.3.3 nvidia-cusparselt-cu13-0.8.1 nvidia-nccl-cu13-2.30.7 nvidia-nvjitlink-13.4.92 nvidia-nvshmem-cu13-3.4.5 nvidia-nvtx-13.0.85 packaging-26.3 pillow-12.3.0 pluggy-1.6.0 pygments-2.21.0 pyparsing-3.3.3 pytest-9.1.1 python-dateutil-2.9.0.post0 pyyaml-6.0.3 six-1.17.0 sympy-1.14.0 torch-2.14.1 triton-3.8.0 typing-extensions-4.16.0
2026-10-11T03:08:21.9536821Z ##[group]Run python -m compileall -q fim fim_experiments scripts tests
2026-10-11T03:08:21.9537387Z [36;1mpython -m compileall -q fim fim_experiments scripts tests[0m
2026-10-11T03:08:21.9603309Z shell: /usr/bin/bash -e {0}
2026-10-11T03:08:21.9603588Z env:
2026-10-11T03:08:21.9603802Z   PYTHONUNBUFFERED: 1
2026-10-11T03:08:21.9604055Z   MPLBACKEND: Agg
2026-10-11T03:08:21.9604345Z   pythonLocation: /opt/hostedtoolcache/Python/3.11.17/x64
2026-10-11T03:08:21.9604814Z   PKG_CONFIG_PATH: /opt/hostedtoolcache/Python/3.11.17/x64/lib/pkgconfig
2026-10-11T03:08:21.9605553Z   Python_ROOT_DIR: /opt/hostedtoolcache/Python/3.11.17/x64
2026-10-11T03:08:21.9605959Z   Python2_ROOT_DIR: /opt/hostedtoolcache/Python/3.11.17/x64
2026-10-11T03:08:21.9606370Z   Python3_ROOT_DIR: /opt/hostedtoolcache/Python/3.11.17/x64
2026-10-11T03:08:21.9606767Z   LD_LIBRARY_PATH: /opt/hostedtoolcache/Python/3.11.17/x64/lib
2026-10-11T03:08:21.9607103Z ##[endgroup]
2026-10-11T03:08:22.2204366Z ##[group]Run pytest -q
2026-10-11T03:08:22.2204655Z [36;1mpytest -q[0m
2026-10-11T03:08:22.2269847Z shell: /usr/bin/bash -e {0}
2026-10-11T03:08:22.2270121Z env:
2026-10-11T03:08:22.2270332Z   PYTHONUNBUFFERED: 1
2026-10-11T03:08:22.2270565Z   MPLBACKEND: Agg
2026-10-11T03:08:22.2270865Z   pythonLocation: /opt/hostedtoolcache/Python/3.11.17/x64
2026-10-11T03:08:22.2271312Z   PKG_CONFIG_PATH: /opt/hostedtoolcache/Python/3.11.17/x64/lib/pkgconfig
2026-10-11T03:08:22.2271766Z   Python_ROOT_DIR: /opt/hostedtoolcache/Python/3.11.17/x64
2026-10-11T03:08:22.2272176Z   Python2_ROOT_DIR: /opt/hostedtoolcache/Python/3.11.17/x64
2026-10-11T03:08:22.2272597Z   Python3_ROOT_DIR: /opt/hostedtoolcache/Python/3.11.17/x64
2026-10-11T03:08:22.2272992Z   LD_LIBRARY_PATH: /opt/hostedtoolcache/Python/3.11.17/x64/lib
2026-10-11T03:08:22.2273322Z ##[endgroup]
2026-10-11T03:08:28.5858331Z sssss.ss................................................................ [  8%]
2026-10-11T03:08:28.8815908Z ................................................................. [ 15%]
2026-10-11T03:08:29.1217982Z ........................................................................ [ 23%]
2026-10-11T03:08:29.3792580Z .............................................................. [ 31%]
2026-10-11T03:08:29.7862214Z ........................................................................ [ 39%]
2026-10-11T03:08:32.3591521Z ..................................................................... [ 47%]
2026-10-11T03:08:36.8157464Z ........................................................................ [ 55%]
2026-10-11T03:08:39.0213397Z ........................................................................ [ 63%]
2026-10-11T03:08:39.5977046Z ........................................................................ [ 72%]
2026-10-11T03:08:40.0063292Z ........................................................................ [ 80%]
2026-10-11T03:08:40.1354242Z ........................................................................ [ 88%]
2026-10-11T03:08:40.3151666Z ........................................................................ [ 96%]
2026-10-11T03:08:40.4137115Z ...........................                                              [100%]
2026-10-11T03:08:40.4137854Z =============================== warnings summary ===============================
2026-10-11T03:08:40.4138349Z tests/test_isolated_evaluation_v1.py: 17 warnings
2026-10-11T03:08:40.4138734Z tests/test_public_trainer.py: 16 warnings
2026-10-11T03:08:40.4140264Z   /home/runner/work/Fabric-Induced-Memory/Fabric-Induced-Memory/fim/training/trainer.py:51: FutureWarning: `torch.cuda.amp.GradScaler(args...)` is deprecated. Please use `torch.amp.GradScaler('cuda', args...)` instead.
2026-10-11T03:08:40.4141544Z     self.scaler = torch.cuda.amp.GradScaler(enabled=self.use_amp)
2026-10-11T03:08:40.4141947Z 
2026-10-11T03:08:40.4142450Z -- Docs: https://docs.pytest.org/en/stable/how-to/capture-warnings.html
2026-10-11T03:08:40.4143253Z 864 passed, 7 skipped, 33 warnings, 164 subtests passed in 17.69s
2026-10-11T03:08:41.4265630Z Post job cleanup.
2026-10-11T03:08:41.5493883Z Cache hit occurred on the primary key setup-python-Linux-x64-24.04-Ubuntu-python-3.11.17-pip-68602a89235ddf784081b65a4cca2d5bcd8de558cb4332795f6e807c1086eb79, not saving cache.
2026-10-11T03:08:41.5495977Z (node:2458) [DEP0040] DeprecationWarning: The `punycode` module is deprecated. Please use a userland alternative instead.
2026-10-11T03:08:41.5497090Z (Use `node --trace-deprecation ...` to show where the warning was created)
2026-10-11T03:08:41.5649668Z Post job cleanup.
2026-10-11T03:08:41.6511419Z [command]/usr/bin/git version
2026-10-11T03:08:41.6557707Z git version 2.55.0
2026-10-11T03:08:41.6597573Z Temporarily overriding HOME='/home/runner/work/_temp/01f5d124-bca4-4095-8aa1-9be2931763c9' before making global git config changes
2026-10-11T03:08:41.6599279Z Adding repository directory to the temporary git global config as a safe directory
2026-10-11T03:08:41.6603852Z [command]/usr/bin/git config --global --add safe.directory /home/runner/work/Fabric-Induced-Memory/Fabric-Induced-Memory
2026-10-11T03:08:41.6645497Z [command]/usr/bin/git config --local --name-only --get-regexp core\.sshCommand
2026-10-11T03:08:41.6687175Z [command]/usr/bin/git submodule foreach --recursive sh -c "git config --local --name-only --get-regexp 'core\.sshCommand' && git config --local --unset-all 'core.sshCommand' || :"
2026-10-11T03:08:41.6960968Z [command]/usr/bin/git config --local --name-only --get-regexp http\.https\:\/\/github\.com\/\.extraheader
2026-10-11T03:08:41.6998269Z http.https://github.com/.extraheader
2026-10-11T03:08:41.7010577Z [command]/usr/bin/git config --local --unset-all http.https://github.com/.extraheader
2026-10-11T03:08:41.7049643Z [command]/usr/bin/git submodule foreach --recursive sh -c "git config --local --name-only --get-regexp 'http\.https\:\/\/github\.com\/\.extraheader' && git config --local --unset-all 'http.https://github.com/.extraheader' || :"
2026-10-11T03:08:41.7336387Z [command]/usr/bin/git config --local --name-only --get-regexp ^includeIf\.gitdir:
2026-10-11T03:08:41.7377295Z [command]/usr/bin/git submodule foreach --recursive git config --local --show-origin --name-only --get-regexp remote.origin.url
2026-10-11T03:08:41.7784484Z Cleaning up orphan processes
2026-10-11T03:08:41.8208611Z ##[warning]Node.js 20 is deprecated. The following actions target Node.js 20 but are being forced to run on Node.js 24: actions/checkout@v4, actions/setup-python@v5. For more information see: https://github.blog/changelog/2025-09-19-deprecation-of-node-20-on-github-actions-runners/
